DoEdit  126  54 
DoEdit  103  53 
DoEdit  142  40 
DoEdit   92  38 
DoEdit  113  40 
DoEdit  113  46 
DoEdit  107  45 
DoEdit   77  70 
DoEdit   77  70 
DoEdit   78  69 
DoEdit   78  69 
DoEdit   84  66 
DoEdit   84  66 
DoEdit   85  66 
DoEdit   85  66 
DoEdit   67  73 
DoEdit   67  73 
DoEdit   68  73 
DoEdit   69  72 
DoEdit   77  69 
DoEdit   77  69 
DoEdit   78  69 
DoEdit   78  69 
DoEdit   79  69 
DoEdit   79  69 
DoEdit   85  66 
DoEdit   85  66 
