PostRefresh
PostRefresh
PostSetBrushMode tBrushMode::randomStrategy
PostDoEdit  126  54 
PostRefresh
PostDoEdit  103  53 
PostRefresh
PostRefresh
PostRefresh
PostRefresh
PostRefresh
PostRefresh
PostRefresh
PostRefresh
PostRefresh
PostSetBrushMode tBrushMode::cooperate
PostDoEdit  142  40 
PostRefresh
PostSetBrushMode tBrushMode::defect
PostDoEdit   92  38 
PostRefresh
PostSetBrushMode tBrushMode::tit4tat
PostDoEdit  113  40 
PostRefresh
PostSetBrushMode tBrushMode::noAnimals
PostDoEdit  113  46 
PostRefresh
PostDoEdit  107  45 
PostRefresh
PostSetBrushMode tBrushMode::mutRate
PostRefresh
PostDoEdit   77  70 
PostRefresh
PostDoEdit   77  70 
PostRefresh
PostDoEdit   78  69 
PostRefresh
PostDoEdit   78  69 
PostRefresh
PostDoEdit   84  66 
PostRefresh
PostDoEdit   84  66 
PostRefresh
PostDoEdit   85  66 
PostRefresh
PostDoEdit   85  66 
PostRefresh
PostSetBrushMode tBrushMode::fertility
PostRefresh
PostDoEdit   67  73 
PostRefresh
PostDoEdit   67  73 
PostRefresh
PostDoEdit   68  73 
PostRefresh
PostDoEdit   69  72 
PostRefresh
PostDoEdit   77  69 
PostRefresh
PostDoEdit   77  69 
PostRefresh
PostDoEdit   78  69 
PostRefresh
PostDoEdit   78  69 
PostRefresh
PostSetBrushMode tBrushMode::food
PostRefresh
PostDoEdit   79  69 
PostRefresh
PostDoEdit   79  69 
PostRefresh
PostDoEdit   85  66 
PostRefresh
PostDoEdit   85  66 
PostRefresh
