Generation: 1 - 1
Generation: 2 - 2
Generation: 3 - 3
Generation: 4 - 4
Generation: 5 - 5
Generation: 6 - 6
Generation: 7 - 7
Generation: 8 - 8
Generation: 9 - 9
Generation: 10 - 10
Generation: 11 - 11
Generation: 12 - 12
Generation: 13 - 13
Generation: 14 - 14
Generation: 15 - 15
Generation: 16 - 16
Generation: 17 - 17
Generation: 18 - 18
Generation: 19 - 19
Generation: 20 - 20
Generation: 21 - 21
Generation: 22 - 22
Generation: 23 - 23
Generation: 24 - 24
Generation: 25 - 25
Generation: 26 - 26
Generation: 27 - 27
Generation: 28 - 28
Generation: 29 - 29

Now backwards

Generation: 28 - 28
Generation: 27 - 27
Generation: 26 - 26
Generation: 25 - 25
Generation: 24 - 24
Generation: 23 - 23
Generation: 22 - 21
